// Jest Snapshot v1, https://goo.gl/fbAQLP

exports[`Pruebas en <Search /> Debe de mostrar correctamente con valores por defecto 1`] = `
<div>
  <h1>
    Search
  </h1>
  <hr />
  <div
    class="row"
  >
    <div
      class="col-4"
    >
      <h4>
        Searching
      </h4>
      <hr />
      <form>
        <input
          autocomplete="off"
          class="form-control"
          name="searchText"
          placeholder="Search a Hero"
          type="text"
          value=""
        />
        <button
          class="btn btn-outline-primary mt-1"
        >
          Buscar
        </button>
      </form>
    </div>
    <div
      class="col-8"
    >
      <h4>
        Result
      </h4>
      <hr />
      <div
        class="alert alert-primary animate__animated animate__fadeIn"
      >
        Search a hero
      </div>
      <div
        aria-label="alert-danger"
        class="alert alert-danger animate__animated animate__fadeIn"
        style="display: none;"
      >
         No hero with 
        <b>
           
        </b>
         
      </div>
    </div>
  </div>
</div>
`;
